#conn rw loaded

version 2.0

config setup


# begin conn rw
conn rw
	left=192.168.0.1
	leftid="@moon.strongswan.org"
	leftsubnet=10.1.0.0/16
	leftcert=moonCert.pem
	right=%any
	keyexchange=ike
	salifetime=1200
	rekeymargin=180
	keyingtries=1
	ikelifetime=3600
	auto=add
	type=tunnel
	compress=no
	pfs=yes
	rekey=yes
	overlapip=no
	ikev1=yes
	authby=rsasig
	phase2=esp
	endaddrfamily=ipv4
	tunneladdrfamily=ipv4
# end conn rw

# end of config
