adjusting ipsec.d to XX
Starting Pluto (Openswan Version VERSION
LEAK_DETECTIVE support [disabled]
OCF support for IKE [disabled]
SAref support [disabled]: Protocol not available
SAbind support [disabled]: Protocol not available
NSS support [disabled]
HAVE_STATSD notification support not compiled in
Setting NAT-Traversal port-4500 floating to off
   port floating activation criteria nat_t=0/port_float=1
   NAT-Traversal support  [disabled]
ike_alg_register_enc(): Activating OAKLEY_AES_CBC: Ok (ret=0)
ike_alg_register_hash(): Activating OAKLEY_SHA2_512: Ok (ret=0)
ike_alg_register_hash(): Activating OAKLEY_SHA2_256: Ok (ret=0)
starting up X cryptographic helpers
Using 'no_kernel' interface code on
adding connection: "big-key-green"
002 adding connection: "big-key-green"
opening file: ZZ
loading named conns: big-key-green
listening for IKE messages
no public interfaces found
loading secrets from "../../unit/libopenswan/lo02-verifysigs/key-4096.secrets"
loaded private key for keyid: PPK_RSA:AQPRudGr2/1510 7B44 E8A8 49E1 0BB1 7826 9481 A38A 90D7 C462
forgetting secrets
"big-key-green": deleting connection
pluto_crypto_helper: helper [nonnss] (X) is exiting normally 
