000  
000 List of Public Keys:
000  
000 DATE, 2192 RSA Key AQObyWTfI/A9AA 8D65 3DB6 D939 2943 917B F17C 2031 68AD BCB3 (no private key), until --- -- --:--:-- ---- ok (expires never)
000        ID_FQDN '@peel'
000 DATE, 4096 RSA Key AQPRudGr2/1510 7B44 E8A8 49E1 0BB1 7826 9481 A38A 90D7 C462 (no private key), until --- -- --:--:-- ---- ok (expires never)
000        ID_FQDN '@berri.testing.xelerance.com'
000 List of Pre-shared secrets (from ../../unit/libopenswan/lo02-verifysigs/key-4096.secrets)
002 listening for IKE messages
003 no public interfaces found
002 loading secrets from "../../unit/libopenswan/lo02-verifysigs/key-4096.secrets"
002 loaded private key for keyid: PPK_RSA:AQPRudGr2/1510 7B44 E8A8 49E1 0BB1 7826 9481 A38A 90D7 C462
000  
000 List of Public Keys:
000  
000 DATE, 2192 RSA Key AQObyWTfI/A9AA 8D65 3DB6 D939 2943 917B F17C 2031 68AD BCB3 (no private key), until --- -- --:--:-- ---- ok (expires never)
000        ID_FQDN '@peel'
000 DATE, 4096 RSA Key AQPRudGr2/1510 7B44 E8A8 49E1 0BB1 7826 9481 A38A 90D7 C462 (has private key), until --- -- --:--:-- ---- ok (expires never)
000        ID_FQDN '@berri.testing.xelerance.com'
000 List of Pre-shared secrets (from ../../unit/libopenswan/lo02-verifysigs/key-4096.secrets)
000     1: RSA (none) (none)
