adjusting ipsec.d to XX
Starting Pluto (Openswan Version VERSION
LEAK_DETECTIVE support [disabled]
OCF support for IKE [disabled]
SAref support [disabled]: Protocol not available
SAbind support [disabled]: Protocol not available
NSS support [disabled]
HAVE_STATSD notification support not compiled in
Setting NAT-Traversal port-4500 floating to off
   port floating activation criteria nat_t=0/port_float=1
   NAT-Traversal support  [disabled]
ike_alg_register_enc(): Activating OAKLEY_AES_CBC: Ok (ret=0)
ike_alg_register_hash(): Activating OAKLEY_SHA2_512: Ok (ret=0)
ike_alg_register_hash(): Activating OAKLEY_SHA2_256: Ok (ret=0)
starting up X cryptographic helpers
Using 'no_kernel' interface code on
loaded key: 6DF7 E7A2 B017 2118 6525 1A9E FC30 F603 ADD5 6698
loaded key: 4B71 7219 5036 2510 E26B 5BFE 0A8D 5261 71C9 948E
use keyid: 1:6DF7 E7A2 B017 2118 6525 1A9E FC30 F603 ADD5 6698 / 2:<>
use keyid: 1:4B71 7219 5036 2510 E26B 5BFE 0A8D 5261 71C9 948E / 2:<>
adding connection: "gateway--1des"
loaded key: 6DF7 E7A2 B017 2118 6525 1A9E FC30 F603 ADD5 6698
loaded key: 4B71 7219 5036 2510 E26B 5BFE 0A8D 5261 71C9 948E
use keyid: 1:6DF7 E7A2 B017 2118 6525 1A9E FC30 F603 ADD5 6698 / 2:<>
use keyid: 1:4B71 7219 5036 2510 E26B 5BFE 0A8D 5261 71C9 948E / 2:<>
adding connection: "gateway--rfc7321"
loaded key: 6DF7 E7A2 B017 2118 6525 1A9E FC30 F603 ADD5 6698
loaded key: 4B71 7219 5036 2510 E26B 5BFE 0A8D 5261 71C9 948E
use keyid: 1:6DF7 E7A2 B017 2118 6525 1A9E FC30 F603 ADD5 6698 / 2:<>
use keyid: 1:4B71 7219 5036 2510 E26B 5BFE 0A8D 5261 71C9 948E / 2:<>
adding connection: "gateway--rfc7321bis"
000 "gateway--1des":   IKEv2 algorithms wanted: DES_CBC(1)_000-MD5(1)_000-MD5(1)-MODP1024(2); flags=-strict
000 "gateway--1des":   IKEv2 algorithms found:  DES_CBC(1)_000-MD5(1)_000-MD5(1)-MODP1024(2); flags=-strict
000 "gateway--rfc7321":   IKEv2 algorithms wanted: AES_CBC(7)_000-SHA1(2)_000-SHA1(2)-MODP1024(2); flags=-strict
000 "gateway--rfc7321":   IKEv2 algorithms found:  AES_CBC(7)_000-SHA1(2)_000-SHA1(2)-MODP1024(2); flags=-strict
000 "gateway--rfc7321bis":   IKEv2 algorithms wanted: AES_CBC(7)_256-SHA1(2)_000-SHA1(2)-MODP2048(14); flags=-strict
000 "gateway--rfc7321bis":   IKEv2 algorithms found:  AES_CBC(7)_256-SHA1(2)_000-SHA1(2)-MODP2048(14); flags=-strict
"gateway--rfc7321bis": deleting connection
"gateway--rfc7321": deleting connection
"gateway--1des": deleting connection
pluto_crypto_helper: helper [nonnss] (X) is exiting normally
